bahaa@MBP-von-Bahaa EDCConsole % npm run build

> rest-express@1.0.0 build
> vite build && esbuild server/index.ts --platform=node --packages=external --bundle --format=esm --outdir=dist

sh: vite: command not found
bahaa@MBP-von-Bahaa EDCConsole % npm run install
npm error Missing script: "install"
npm error
npm error Did you mean this?
npm error   npm uninstall # Remove a package
npm error
npm error To see a list of scripts, run:
npm error   npm run
npm error A complete log of this run can be found in: /Users/bahaa/.npm/_logs/2025-08-15T18_49_50_539Z-debug-0.log
bahaa@MBP-von-Bahaa EDCConsole % npm install
npm warn deprecated @esbuild-kit/esm-loader@2.6.5: Merged into tsx: https://tsx.is
npm warn deprecated @esbuild-kit/core-utils@3.3.2: Merged into tsx: https://tsx.is

added 479 packages, and audited 480 packages in 4s

63 packages are looking for funding
  run `npm fund` for details

11 vulnerabilities (3 low, 8 moderate)

To address issues that do not require attention, run:
  npm audit fix

To address all issues (including breaking changes), run:
  npm audit fix --force

Run `npm audit` for details.
bahaa@MBP-von-Bahaa EDCConsole % npm run build

> rest-express@1.0.0 build
> vite build && esbuild server/index.ts --platform=node --packages=external --bundle --format=esm --outdir=dist

vite v5.4.19 building for production...
transforming (1) index.htmlBrowserslist: browsers data (caniuse-lite) is 10 months old. Please run:
  npx update-browserslist-db@latest
  Why you should do it regularly: https://github.com/browserslist/update-db#readme
✓ 1846 modules transformed.
../dist/public/index.html                   2.20 kB │ gzip:   0.86 kB
../dist/public/assets/index-CdpPdju9.css   61.11 kB │ gzip:  10.86 kB
../dist/public/assets/index-Cgbnhpdg.js   495.48 kB │ gzip: 149.63 kB
✓ built in 1.36s

  dist/index.js  12.0kb

⚡ Done in 4ms
bahaa@MBP-von-Bahaa EDCConsole % npm run dev

> rest-express@1.0.0 dev
> NODE_ENV=development tsx server/index.ts

node:events:485
      throw er; // Unhandled 'error' event
      ^

Error: listen ENOTSUP: operation not supported on socket 0.0.0.0:5000
    at Server.setupListenHandle [as _listen2] (node:net:1915:21)
    at listenInCluster (node:net:1994:12)
    at node:net:2203:7
    at process.processTicksAndRejections (node:internal/process/task_queues:90:21)
Emitted 'error' event on Server instance at:
    at emitErrorNT (node:net:1973:8)
    at process.processTicksAndRejections (node:internal/process/task_queues:90:21) {
  code: 'ENOTSUP',
  errno: -45,
  syscall: 'listen',
  address: '0.0.0.0',
  port: 5000
}

Node.js v23.6.1
bahaa@MBP-von-Bahaa EDCConsole % npm start

> rest-express@1.0.0 start
> NODE_ENV=production node dist/index.js

node:events:485
      throw er; // Unhandled 'error' event
      ^

Error: listen ENOTSUP: operation not supported on socket 0.0.0.0:5000
    at Server.setupListenHandle [as _listen2] (node:net:1915:21)
    at listenInCluster (node:net:1994:12)
    at node:net:2203:7
    at process.processTicksAndRejections (node:internal/process/task_queues:90:21)
Emitted 'error' event on Server instance at:
    at emitErrorNT (node:net:1973:8)
    at process.processTicksAndRejections (node:internal/process/task_queues:90:21) {
  code: 'ENOTSUP',
  errno: -45,
  syscall: 'listen',
  address: '0.0.0.0',
  port: 5000
}

Node.js v23.6.1
bahaa@MBP-von-Bahaa EDCConsole % 